SUMMARY OF C0NVERGENCE INFORMATION
  STEP   INC  ATT   ITER     CONT.   RESID.        CORR.      RESID.      CORR.
                              EL.    FORCE         DISP       FLUX        TEMP.
                              (#)     (%)           (%)        (%)         (%)
     1     1     1     1        0  0.2849E+02  0.1000E+03  0.0000E+00  0.0000E+00
     1     1     1     2        0  0.0000E+00  0.1333E-01  0.0000E+00  0.0000E+00
     1     2     1     1        0  0.2849E+02  0.9998E+02  0.0000E+00  0.0000E+00
     1     2     1     2        0  0.0000E+00  0.1638E-01  0.0000E+00  0.0000E+00
     1     3     1     1        0  0.1287E-04  0.1000E+03  0.0000E+00  0.0000E+00
     1     3     1     2        0  0.0000E+00  0.1331E+02  0.0000E+00  0.0000E+00
     1     4     1     1        0  0.8784E-05  0.8486E+02  0.0000E+00  0.0000E+00
     1     4     1     2        0  0.0000E+00  0.1131E+02  0.0000E+00  0.0000E+00
     1     5     1     1        0  0.0000E+00  0.1000E+03  0.0000E+00  0.0000E+00
     1     5     1     2        0  0.0000E+00  0.1330E+02  0.0000E+00  0.0000E+00
     1     6     1     1        0  0.0000E+00  0.8188E+02  0.0000E+00  0.0000E+00
     1     6     1     2        0  0.0000E+00  0.1093E+02  0.0000E+00  0.0000E+00
     1     7     1     1        0  0.0000E+00  0.1000E+03  0.0000E+00  0.0000E+00
     1     7     1     2        0  0.0000E+00  0.1319E+02  0.0000E+00  0.0000E+00
     1     8     1     1        0  0.0000E+00  0.7872E+02  0.0000E+00  0.0000E+00
     1     8     1     2        0  0.0000E+00  0.1038E+02  0.0000E+00  0.0000E+00
     1     9     1     1        0  0.0000E+00  0.9587E+02  0.0000E+00  0.0000E+00
     1     9     1     2        0  0.0000E+00  0.1101E+02  0.0000E+00  0.0000E+00
     1    10     1     1        0  0.0000E+00  0.1000E+03  0.0000E+00  0.0000E+00
     1    10     1     2        0  0.0000E+00  0.5850E+02  0.0000E+00  0.0000E+00
     1    11     1     1        0  0.0000E+00  0.1000E+03  0.0000E+00  0.0000E+00
     1    11     1     2        0  0.0000E+00  0.1000E+03  0.0000E+00  0.0000E+00
